[laravel.com/docs/11.x/index.html]
[backblue.gif]
[fade.gif]
[index.html]
[laravel.com/docs/11.x/installation.html]
[laravel.com/img/og-image.jpg]
[laravel.com/img/favicon/apple-touch-icon.png]
[laravel.com/img/favicon/favicon-32x32.png]
[laravel.com/img/favicon/favicon-16x16.png]
[use.typekit.net/ins2wgm.css]
[laravel.com/build/assets/app-6e52703b.css]
[laravel.com/build/assets/app-70a5a3a6.js]
[laravel.com/build/assets/docs-45166933.js]
[cdn.usefathom.com/script.js]
[tag.clearbitscripts.com/v1/pk_97d2bf69f817feb07be42fcda1460119/tags.js]
[laravel.com/docs/11.x/releases.html]
[laravel.com/docs/11.x/upgrade.html]
[laravel.com/docs/11.x/contributions.html]
[laravel.com/docs/11.x/configuration.html]
[laravel.com/docs/11.x/structure.html]
[laravel.com/docs/11.x/frontend.html]
[laravel.com/docs/11.x/starter-kits.html]
[laravel.com/docs/11.x/deployment.html]
[laravel.com/docs/11.x/lifecycle.html]
[laravel.com/docs/11.x/container.html]
[laravel.com/docs/11.x/providers.html]
[laravel.com/docs/11.x/facades.html]
[laravel.com/docs/11.x/routing.html]
[laravel.com/docs/11.x/middleware.html]
[laravel.com/docs/11.x/csrf.html]
[laravel.com/docs/11.x/controllers.html]
[laravel.com/docs/11.x/requests.html]
[laravel.com/docs/11.x/responses.html]
[laravel.com/docs/11.x/views.html]
[laravel.com/docs/11.x/blade.html]
[laravel.com/docs/11.x/vite.html]
[laravel.com/docs/11.x/urls.html]
[laravel.com/docs/11.x/session.html]
[laravel.com/docs/11.x/validation.html]
[laravel.com/docs/11.x/errors.html]
[laravel.com/docs/11.x/logging.html]
[laravel.com/docs/11.x/artisan.html]
[laravel.com/docs/11.x/broadcasting.html]
[laravel.com/docs/11.x/cache.html]
[laravel.com/docs/11.x/collections.html]
[laravel.com/docs/11.x/concurrency.html]
[laravel.com/docs/11.x/context.html]
[laravel.com/docs/11.x/contracts.html]
[laravel.com/docs/11.x/events.html]
[laravel.com/docs/11.x/filesystem.html]
[laravel.com/docs/11.x/helpers.html]
[laravel.com/docs/11.x/http-client.html]
[laravel.com/docs/11.x/localization.html]
[laravel.com/docs/11.x/mail.html]
[laravel.com/docs/11.x/notifications.html]
[laravel.com/docs/11.x/packages.html]
[laravel.com/docs/11.x/processes.html]
[laravel.com/docs/11.x/queues.html]
[laravel.com/docs/11.x/rate-limiting.html]
[laravel.com/docs/11.x/strings.html]
[laravel.com/docs/11.x/scheduling.html]
[laravel.com/docs/11.x/authentication.html]
[laravel.com/docs/11.x/authorization.html]
[laravel.com/docs/11.x/verification.html]
[laravel.com/docs/11.x/encryption.html]
[laravel.com/docs/11.x/hashing.html]
[laravel.com/docs/11.x/passwords.html]
[laravel.com/docs/11.x/database.html]
[laravel.com/docs/11.x/queries.html]
[laravel.com/docs/11.x/pagination.html]
[laravel.com/docs/11.x/migrations.html]
[laravel.com/docs/11.x/seeding.html]
[laravel.com/docs/11.x/redis.html]
[laravel.com/docs/11.x/eloquent.html]
[laravel.com/docs/11.x/eloquent-relationships.html]
[laravel.com/docs/11.x/eloquent-collections.html]
[laravel.com/docs/11.x/eloquent-mutators.html]
[laravel.com/docs/11.x/eloquent-resources.html]
[laravel.com/docs/11.x/eloquent-serialization.html]
[laravel.com/docs/11.x/eloquent-factories.html]
[laravel.com/docs/11.x/testing.html]
[laravel.com/docs/11.x/http-tests.html]
[laravel.com/docs/11.x/console-tests.html]
[laravel.com/docs/11.x/dusk.html]
[laravel.com/docs/11.x/database-testing.html]
[laravel.com/docs/11.x/mocking.html]
[laravel.com/docs/11.x/billing.html]
[laravel.com/docs/11.x/cashier-paddle.html]
[laravel.com/docs/11.x/envoy.html]
[laravel.com/docs/11.x/fortify.html]
[laravel.com/docs/11.x/folio.html]
[laravel.com/docs/11.x/homestead.html]
[laravel.com/docs/11.x/horizon.html]
[laravel.com/docs/11.x/mix.html]
[laravel.com/docs/11.x/octane.html]
[laravel.com/docs/11.x/passport.html]
[laravel.com/docs/11.x/pennant.html]
[laravel.com/docs/11.x/pint.html]
[laravel.com/docs/11.x/precognition.html]
[laravel.com/docs/11.x/prompts.html]
[laravel.com/docs/11.x/pulse.html]
[laravel.com/docs/11.x/reverb.html]
[laravel.com/docs/11.x/sail.html]
[laravel.com/docs/11.x/sanctum.html]
[laravel.com/docs/11.x/scout.html]
[laravel.com/docs/11.x/socialite.html]
[laravel.com/docs/11.x/telescope.html]
[laravel.com/docs/11.x/valet.html]
[js-na1.hs-scripts.com/45240648.js]
[laravel.com/docs/11.x/index.html]
[laravel.com/docs/11.x/installation.html]
[cdn.carbonads.com/carbon83bb.js]
[use.typekit.net/af/398a64/00000000000000007735dc06/30/le196]
[use.typekit.net/af/398a64/00000000000000007735dc06/30/de196]
[use.typekit.net/af/398a64/00000000000000007735dc06/30/ae196]
[use.typekit.net/af/b0fedd/00000000000000007735dc01/30/lfdcc]
[use.typekit.net/af/b0fedd/00000000000000007735dc01/30/dfdcc]
[use.typekit.net/af/b0fedd/00000000000000007735dc01/30/afdcc]
[use.typekit.net/af/9c393a/00000000000000007735db08/30/l652f]
[use.typekit.net/af/9c393a/00000000000000007735db08/30/d652f]
[use.typekit.net/af/9c393a/00000000000000007735db08/30/a652f]
[use.typekit.net/af/47cb70/00000000000000007735db06/30/le003]
[use.typekit.net/af/47cb70/00000000000000007735db06/30/de003]
[use.typekit.net/af/47cb70/00000000000000007735db06/30/ae003]
[use.typekit.net/af/3cdb9c/00000000000000007735db09/30/le196]
[use.typekit.net/af/3cdb9c/00000000000000007735db09/30/de196]
[use.typekit.net/af/3cdb9c/00000000000000007735db09/30/ae196]
[use.typekit.net/af/716155/00000000000000007735dd24/30/l652f]
[use.typekit.net/af/716155/00000000000000007735dd24/30/d652f]
[use.typekit.net/af/716155/00000000000000007735dd24/30/a652f]
[use.typekit.net/af/7e0390/0000000000000000000158e4/27/le003]
[use.typekit.net/af/7e0390/0000000000000000000158e4/27/de003]
[use.typekit.net/af/7e0390/0000000000000000000158e4/27/ae003]
[use.typekit.net/af/4cf72c/0000000000000000000158e6/27/laf99]
[use.typekit.net/af/4cf72c/0000000000000000000158e6/27/daf99]
[use.typekit.net/af/4cf72c/0000000000000000000158e6/27/aaf99]
[use.typekit.net/af/e3f590/0000000000000000000158e7/27/le196]
[use.typekit.net/af/e3f590/0000000000000000000158e7/27/de196]
[use.typekit.net/af/e3f590/0000000000000000000158e7/27/ae196]
[use.typekit.net/af/396f3b/0000000000000000000158e8/27/lfdcc]
[use.typekit.net/af/396f3b/0000000000000000000158e8/27/dfdcc]
[use.typekit.net/ins2wgm.css]
[use.typekit.net/af/396f3b/0000000000000000000158e8/27/afdcc]
[laravel.com/build/assets/app-6e52703b.css]
[laravel.com/docs/11.x/releases.html]
[laravel.com/docs/11.x/upgrade.html]
[laravel.com/docs/11.x/contributions.html]
[laravel.com/docs/11.x/configuration.html]
[laravel.com/docs/11.x/structure.html]
[laravel.com/docs/11.x/frontend.html]
[laravel.com/cdn-cgi/scripts/5c5dd728/cloudflare-static/email-decode.min.js]
[laravel.com/img/docs/breeze-register.png]
[laravel.com/docs/11.x/starter-kits.html]
[laravel.com/docs/11.x/deployment.html]
[laravel.com/docs/11.x/lifecycle.html]
[laravel.com/docs/11.x/container.html]
[laravel.com/docs/11.x/providers.html]
[laravel.com/docs/11.x/facades.html]
[laravel.com/docs/11.x/routing.html]
[laravel.com/docs/11.x/middleware.html]
[laravel.com/docs/11.x/csrf.html]
[laravel.com/docs/11.x/controllers.html]
[laravel.com/docs/11.x/requests.html]
[laravel.com/docs/11.x/responses.html]
[laravel.com/docs/11.x/views.html]
[laravel.com/docs/11.x/blade.html]
[laravel.com/docs/11.x/vite.html]
[laravel.com/docs/11.x/urls.html]
[laravel.com/docs/11.x/session.html]
[laravel.com/docs/11.x/validation.html]
[laravel.com/docs/11.x/errors.html]
[laravel.com/img/docs/pail-example.png]
[laravel.com/docs/11.x/logging.html]
[laravel.com/docs/11.x/artisan.html]
[laravel.com/docs/11.x/broadcasting.html]
[laravel.com/docs/11.x/cache.html]
[laravel.com/docs/11.x/collections.html]
[laravel.com/docs/11.x/concurrency.html]
[laravel.com/docs/11.x/context.html]
[laravel.com/docs/11.x/contracts.html]
[laravel.com/docs/11.x/events.html]
[laravel.com/docs/11.x/filesystem.html]
[laravel.com/docs/11.x/helpers.html]
[laravel.com/docs/11.x/http-client.html]
[laravel.com/docs/11.x/localization.html]
[laravel.com/docs/11.x/mail.html]
[laravel.com/img/docs/notification-example-2.png]
[laravel.com/docs/11.x/notifications.html]
[laravel.com/docs/11.x/packages.html]
[laravel.com/docs/11.x/processes.html]
[laravel.com/docs/11.x/queues.html]
[laravel.com/docs/11.x/rate-limiting.html]
[laravel.com/docs/11.x/strings.html]
[laravel.com/docs/11.x/scheduling.html]
[laravel.com/docs/11.x/authentication.html]
[laravel.com/docs/11.x/authorization.html]
[laravel.com/docs/11.x/verification.html]
[laravel.com/docs/11.x/encryption.html]
[laravel.com/docs/11.x/hashing.html]
[laravel.com/docs/11.x/passwords.html]
[laravel.com/docs/11.x/database.html]
[laravel.com/docs/11.x/queries.html]
[laravel.com/docs/11.x/pagination.html]
[laravel.com/docs/11.x/migrations.html]
[laravel.com/docs/11.x/seeding.html]
[laravel.com/docs/11.x/redis.html]
[laravel.com/docs/11.x/eloquent.html]
[laravel.com/docs/11.x/eloquent-relationships.html]
[laravel.com/docs/11.x/eloquent-collections.html]
[laravel.com/docs/11.x/eloquent-mutators.html]
[laravel.com/docs/11.x/eloquent-resources.html]
[laravel.com/docs/11.x/eloquent-serialization.html]
[laravel.com/docs/11.x/eloquent-factories.html]
[laravel.com/docs/11.x/testing.html]
[laravel.com/docs/11.x/http-tests.html]
[laravel.com/docs/11.x/console-tests.html]
[laravel.com/docs/11.x/dusk.html]
[laravel.com/docs/11.x/database-testing.html]
[laravel.com/docs/11.x/mocking.html]
[laravel.com/docs/11.x/billing.html]
[laravel.com/docs/11.x/cashier-paddle.html]
[laravel.com/docs/11.x/envoy.html]
[laravel.com/docs/11.x/fortify.html]
[laravel.com/docs/11.x/folio.html]
[laravel.com/docs/11.x/homestead.html]
[laravel.com/img/docs/horizon-example.png]
[laravel.com/docs/11.x/horizon.html]
[laravel.com/docs/11.x/mix.html]
[laravel.com/docs/11.x/octane.html]
[laravel.com/docs/11.x/passport.html]
[laravel.com/docs/11.x/pennant.html]
[laravel.com/docs/11.x/pint.html]
[laravel.com/docs/11.x/precognition.html]
[laravel.com/img/docs/prompts-example.png]
[laravel.com/docs/11.x/prompts.html]
[laravel.com/docs/11.x/pulse.html]
[laravel.com/docs/11.x/reverb.html]
[laravel.com/docs/11.x/sail.html]
[laravel.com/docs/11.x/sanctum.html]
[laravel.com/docs/11.x/scout.html]
[laravel.com/docs/11.x/socialite.html]
[laravel.com/img/docs/telescope-example.png]
[laravel.com/docs/11.x/telescope.html]
[laravel.com/docs/11.x/valet.html]
[p.typekit.net/p3814.css]
